000 (29751.000.000) 2026-08-14 12:23:16 Job submitted from host: <172.16.3.220:9618?addrs=172.16.3.220-9618&alias=nouofpsubmit.corp.spc.int&noUDP&sock=schedd_1090_3a52>
...
040 (29751.000.000) 2026-08-14 12:23:17 Started transferring input files
	Transferring to host: <192.168.9.143:9618?addrs=192.168.9.143-9618&alias=suvofpcand13.corp.spc.int&noUDP&sock=slot1_1_114846_2577_1194>
...
040 (29751.000.000) 2026-08-14 12:23:18 Finished transferring input files
...
001 (29751.000.000) 2026-08-14 12:23:18 Job executing on host: <192.168.9.143:9618?addrs=192.168.9.143-9618&alias=suvofpcand13.corp.spc.int&noUDP&sock=startd_875_c175>
	SlotName: slot1_1@suvofpcand13.corp.spc.int
	CondorScratchDir = "/var/lib/condor/execute/dir_1588049/scratch"
	Cpus = 1
	Disk = 20971520
	GPUs = 0
	Memory = 10240
...
006 (29751.000.000) 2026-08-14 12:23:26 Image size of job updated: 4972300
	4856  -  MemoryUsage of job (MB)
	4972300  -  ResidentSetSize of job (KB)
...
006 (29751.000.000) 2026-08-14 12:28:26 Image size of job updated: 5091652
	4973  -  MemoryUsage of job (MB)
	5091652  -  ResidentSetSize of job (KB)
...
006 (29751.000.000) 2026-08-14 12:33:26 Image size of job updated: 5092620
	4973  -  MemoryUsage of job (MB)
	5092168  -  ResidentSetSize of job (KB)
...
006 (29751.000.000) 2026-08-14 12:53:27 Image size of job updated: 5092820
	4973  -  MemoryUsage of job (MB)
	5092168  -  ResidentSetSize of job (KB)
...
006 (29751.000.000) 2026-08-14 12:58:27 Image size of job updated: 5092824
	4973  -  MemoryUsage of job (MB)
	5092168  -  ResidentSetSize of job (KB)
...
006 (29751.000.000) 2026-08-14 13:18:29 Image size of job updated: 5099604
	4981  -  MemoryUsage of job (MB)
	5099568  -  ResidentSetSize of job (KB)
...
006 (29751.000.000) 2026-08-14 13:23:29 Image size of job updated: 5100316
	4981  -  MemoryUsage of job (MB)
	5100244  -  ResidentSetSize of job (KB)
...
006 (29751.000.000) 2026-08-14 13:28:30 Image size of job updated: 5100412
	4981  -  MemoryUsage of job (MB)
	5100256  -  ResidentSetSize of job (KB)
...
006 (29751.000.000) 2026-08-14 13:33:31 Image size of job updated: 5100416
	4981  -  MemoryUsage of job (MB)
	5100256  -  ResidentSetSize of job (KB)
...
006 (29751.000.000) 2026-08-14 13:38:31 Image size of job updated: 5105192
	4981  -  MemoryUsage of job (MB)
	5100256  -  ResidentSetSize of job (KB)
...
006 (29751.000.000) 2026-08-14 14:13:36 Image size of job updated: 5324712
	5082  -  MemoryUsage of job (MB)
	5203560  -  ResidentSetSize of job (KB)
...
006 (29751.000.000) 2026-08-14 14:18:36 Image size of job updated: 5324780
	5200  -  MemoryUsage of job (MB)
	5324712  -  ResidentSetSize of job (KB)
...
006 (29751.000.000) 2026-08-14 14:23:36 Image size of job updated: 5325280
	5201  -  MemoryUsage of job (MB)
	5325256  -  ResidentSetSize of job (KB)
...
006 (29751.000.000) 2026-08-14 14:28:37 Image size of job updated: 5328100
	5201  -  MemoryUsage of job (MB)
	5325256  -  ResidentSetSize of job (KB)
...
006 (29751.000.000) 2026-08-14 14:38:37 Image size of job updated: 5328100
	5201  -  MemoryUsage of job (MB)
	5325736  -  ResidentSetSize of job (KB)
...
006 (29751.000.000) 2026-08-14 14:53:38 Image size of job updated: 5328100
	5202  -  MemoryUsage of job (MB)
	5326552  -  ResidentSetSize of job (KB)
...
006 (29751.000.000) 2026-08-14 14:58:38 Image size of job updated: 5332000
	5202  -  MemoryUsage of job (MB)
	5326552  -  ResidentSetSize of job (KB)
...
006 (29751.000.000) 2026-08-14 15:03:38 Image size of job updated: 5351036
	5202  -  MemoryUsage of job (MB)
	5326552  -  ResidentSetSize of job (KB)
...
006 (29751.000.000) 2026-08-14 15:08:39 Image size of job updated: 5351168
	5202  -  MemoryUsage of job (MB)
	5326552  -  ResidentSetSize of job (KB)
...
006 (29751.000.000) 2026-08-14 15:13:39 Image size of job updated: 5351220
	5223  -  MemoryUsage of job (MB)
	5347672  -  ResidentSetSize of job (KB)
...
006 (29751.000.000) 2026-08-14 16:03:44 Image size of job updated: 5351220
	5226  -  MemoryUsage of job (MB)
	5351084  -  ResidentSetSize of job (KB)
...
006 (29751.000.000) 2026-08-14 16:13:45 Image size of job updated: 5351356
	5226  -  MemoryUsage of job (MB)
	5351084  -  ResidentSetSize of job (KB)
...
006 (29751.000.000) 2026-08-14 16:28:47 Image size of job updated: 5351356
	5226  -  MemoryUsage of job (MB)
	5351136  -  ResidentSetSize of job (KB)
...
006 (29751.000.000) 2026-08-14 16:43:48 Image size of job updated: 5351356
	5226  -  MemoryUsage of job (MB)
	5351212  -  ResidentSetSize of job (KB)
...
006 (29751.000.000) 2026-08-14 17:18:51 Image size of job updated: 5379536
	5226  -  MemoryUsage of job (MB)
	5351212  -  ResidentSetSize of job (KB)
...
006 (29751.000.000) 2026-08-14 17:23:51 Image size of job updated: 5405968
	5226  -  MemoryUsage of job (MB)
	5351212  -  ResidentSetSize of job (KB)
...
006 (29751.000.000) 2026-08-14 17:28:52 Image size of job updated: 5446716
	5226  -  MemoryUsage of job (MB)
	5351212  -  ResidentSetSize of job (KB)
...
006 (29751.000.000) 2026-08-14 17:33:52 Image size of job updated: 5489360
	5361  -  MemoryUsage of job (MB)
	5489360  -  ResidentSetSize of job (KB)
...
006 (29751.000.000) 2026-08-14 17:38:54 Image size of job updated: 5530260
	5401  -  MemoryUsage of job (MB)
	5530260  -  ResidentSetSize of job (KB)
...
006 (29751.000.000) 2026-08-14 17:43:54 Image size of job updated: 5556688
	5401  -  MemoryUsage of job (MB)
	5530260  -  ResidentSetSize of job (KB)
...
006 (29751.000.000) 2026-08-14 17:48:54 Image size of job updated: 5597124
	5466  -  MemoryUsage of job (MB)
	5597124  -  ResidentSetSize of job (KB)
...
006 (29751.000.000) 2026-08-14 17:53:55 Image size of job updated: 5625912
	5466  -  MemoryUsage of job (MB)
	5597124  -  ResidentSetSize of job (KB)
...
006 (29751.000.000) 2026-08-14 17:58:55 Image size of job updated: 5652496
	5466  -  MemoryUsage of job (MB)
	5597124  -  ResidentSetSize of job (KB)
...
006 (29751.000.000) 2026-08-14 18:03:55 Image size of job updated: 5707564
	5574  -  MemoryUsage of job (MB)
	5707564  -  ResidentSetSize of job (KB)
...
006 (29751.000.000) 2026-08-14 18:13:56 Image size of job updated: 5774580
	5574  -  MemoryUsage of job (MB)
	5707564  -  ResidentSetSize of job (KB)
...
006 (29751.000.000) 2026-08-14 18:18:58 Image size of job updated: 5815320
	5574  -  MemoryUsage of job (MB)
	5707564  -  ResidentSetSize of job (KB)
...
006 (29751.000.000) 2026-08-14 18:23:58 Image size of job updated: 5877964
	5734  -  MemoryUsage of job (MB)
	5870904  -  ResidentSetSize of job (KB)
...
006 (29751.000.000) 2026-08-14 18:28:58 Image size of job updated: 5911804
	5734  -  MemoryUsage of job (MB)
	5870904  -  ResidentSetSize of job (KB)
...
006 (29751.000.000) 2026-08-14 18:33:59 Image size of job updated: 5966556
	5827  -  MemoryUsage of job (MB)
	5966556  -  ResidentSetSize of job (KB)
...
006 (29751.000.000) 2026-08-14 18:38:59 Image size of job updated: 6007296
	5827  -  MemoryUsage of job (MB)
	5966556  -  ResidentSetSize of job (KB)
...
006 (29751.000.000) 2026-08-14 18:43:59 Image size of job updated: 6062052
	5827  -  MemoryUsage of job (MB)
	5966556  -  ResidentSetSize of job (KB)
...
006 (29751.000.000) 2026-08-14 18:49:00 Image size of job updated: 6102804
	5960  -  MemoryUsage of job (MB)
	6102804  -  ResidentSetSize of job (KB)
...
006 (29751.000.000) 2026-08-14 18:54:00 Image size of job updated: 6143552
	5960  -  MemoryUsage of job (MB)
	6102804  -  ResidentSetSize of job (KB)
...
006 (29751.000.000) 2026-08-14 18:59:01 Image size of job updated: 6198312
	6054  -  MemoryUsage of job (MB)
	6198312  -  ResidentSetSize of job (KB)
...
006 (29751.000.000) 2026-08-14 19:04:02 Image size of job updated: 6239060
	6054  -  MemoryUsage of job (MB)
	6198312  -  ResidentSetSize of job (KB)
...
006 (29751.000.000) 2026-08-14 19:09:03 Image size of job updated: 6279816
	6054  -  MemoryUsage of job (MB)
	6198312  -  ResidentSetSize of job (KB)
...
006 (29751.000.000) 2026-08-14 19:14:03 Image size of job updated: 6334728
	6187  -  MemoryUsage of job (MB)
	6334728  -  ResidentSetSize of job (KB)
...
006 (29751.000.000) 2026-08-14 19:19:04 Image size of job updated: 6375324
	6187  -  MemoryUsage of job (MB)
	6334728  -  ResidentSetSize of job (KB)
...
006 (29751.000.000) 2026-08-14 19:24:04 Image size of job updated: 6430232
	6187  -  MemoryUsage of job (MB)
	6334728  -  ResidentSetSize of job (KB)
...
006 (29751.000.000) 2026-08-14 19:29:05 Image size of job updated: 6470984
	6187  -  MemoryUsage of job (MB)
	6334728  -  ResidentSetSize of job (KB)
...
006 (29751.000.000) 2026-08-14 19:34:05 Image size of job updated: 6511568
	6320  -  MemoryUsage of job (MB)
	6470828  -  ResidentSetSize of job (KB)
...
006 (29751.000.000) 2026-08-14 19:39:05 Image size of job updated: 6552316
	6320  -  MemoryUsage of job (MB)
	6470828  -  ResidentSetSize of job (KB)
...
006 (29751.000.000) 2026-08-14 19:44:06 Image size of job updated: 6607060
	6320  -  MemoryUsage of job (MB)
	6470828  -  ResidentSetSize of job (KB)
...
006 (29751.000.000) 2026-08-14 19:49:06 Image size of job updated: 6647968
	6320  -  MemoryUsage of job (MB)
	6470828  -  ResidentSetSize of job (KB)
...
006 (29751.000.000) 2026-08-14 19:54:06 Image size of job updated: 6688556
	6320  -  MemoryUsage of job (MB)
	6470828  -  ResidentSetSize of job (KB)
...
006 (29751.000.000) 2026-08-14 19:59:07 Image size of job updated: 6743328
	6320  -  MemoryUsage of job (MB)
	6470828  -  ResidentSetSize of job (KB)
...
006 (29751.000.000) 2026-08-14 20:04:07 Image size of job updated: 6784088
	6320  -  MemoryUsage of job (MB)
	6470828  -  ResidentSetSize of job (KB)
...
006 (29751.000.000) 2026-08-14 20:09:08 Image size of job updated: 6826280
	6626  -  MemoryUsage of job (MB)
	6784244  -  ResidentSetSize of job (KB)
...
006 (29751.000.000) 2026-08-14 20:14:08 Image size of job updated: 6881180
	6626  -  MemoryUsage of job (MB)
	6784244  -  ResidentSetSize of job (KB)
...
006 (29751.000.000) 2026-08-14 20:19:08 Image size of job updated: 6922088
	6760  -  MemoryUsage of job (MB)
	6921772  -  ResidentSetSize of job (KB)
...
006 (29751.000.000) 2026-08-14 20:24:08 Image size of job updated: 6962672
	6760  -  MemoryUsage of job (MB)
	6921772  -  ResidentSetSize of job (KB)
...
006 (29751.000.000) 2026-08-14 20:29:09 Image size of job updated: 7003424
	6760  -  MemoryUsage of job (MB)
	6921772  -  ResidentSetSize of job (KB)
...
006 (29751.000.000) 2026-08-14 20:34:09 Image size of job updated: 7044028
	6760  -  MemoryUsage of job (MB)
	6921772  -  ResidentSetSize of job (KB)
...
006 (29751.000.000) 2026-08-14 20:39:10 Image size of job updated: 7099092
	6933  -  MemoryUsage of job (MB)
	7098932  -  ResidentSetSize of job (KB)
...
006 (29751.000.000) 2026-08-14 20:44:11 Image size of job updated: 7139684
	6973  -  MemoryUsage of job (MB)
	7139684  -  ResidentSetSize of job (KB)
...
006 (29751.000.000) 2026-08-14 20:49:11 Image size of job updated: 7180280
	6973  -  MemoryUsage of job (MB)
	7139684  -  ResidentSetSize of job (KB)
...
006 (29751.000.000) 2026-08-14 20:54:12 Image size of job updated: 7235032
	7066  -  MemoryUsage of job (MB)
	7235032  -  ResidentSetSize of job (KB)
...
006 (29751.000.000) 2026-08-14 20:59:13 Image size of job updated: 7275944
	7066  -  MemoryUsage of job (MB)
	7235032  -  ResidentSetSize of job (KB)
...
006 (29751.000.000) 2026-08-14 21:04:13 Image size of job updated: 7318592
	7066  -  MemoryUsage of job (MB)
	7235032  -  ResidentSetSize of job (KB)
...
006 (29751.000.000) 2026-08-14 21:09:13 Image size of job updated: 7359344
	7066  -  MemoryUsage of job (MB)
	7235032  -  ResidentSetSize of job (KB)
...
006 (29751.000.000) 2026-08-14 21:14:14 Image size of job updated: 7399964
	7066  -  MemoryUsage of job (MB)
	7235032  -  ResidentSetSize of job (KB)
...
006 (29751.000.000) 2026-08-14 21:19:15 Image size of job updated: 7454880
	7066  -  MemoryUsage of job (MB)
	7235032  -  ResidentSetSize of job (KB)
...
006 (29751.000.000) 2026-08-14 21:24:15 Image size of job updated: 7495632
	7066  -  MemoryUsage of job (MB)
	7235032  -  ResidentSetSize of job (KB)
...
006 (29751.000.000) 2026-08-14 21:29:16 Image size of job updated: 7536392
	7360  -  MemoryUsage of job (MB)
	7536392  -  ResidentSetSize of job (KB)
...
006 (29751.000.000) 2026-08-14 21:34:16 Image size of job updated: 7591156
	7360  -  MemoryUsage of job (MB)
	7536392  -  ResidentSetSize of job (KB)
...
006 (29751.000.000) 2026-08-14 21:39:17 Image size of job updated: 7631608
	7360  -  MemoryUsage of job (MB)
	7536392  -  ResidentSetSize of job (KB)
...
006 (29751.000.000) 2026-08-14 21:44:17 Image size of job updated: 7672372
	7360  -  MemoryUsage of job (MB)
	7536392  -  ResidentSetSize of job (KB)
...
006 (29751.000.000) 2026-08-14 21:49:18 Image size of job updated: 7713120
	7533  -  MemoryUsage of job (MB)
	7713120  -  ResidentSetSize of job (KB)
...
006 (29751.000.000) 2026-08-14 21:54:18 Image size of job updated: 7753880
	7533  -  MemoryUsage of job (MB)
	7713120  -  ResidentSetSize of job (KB)
...
006 (29751.000.000) 2026-08-14 21:59:19 Image size of job updated: 7794472
	7533  -  MemoryUsage of job (MB)
	7713120  -  ResidentSetSize of job (KB)
...
006 (29751.000.000) 2026-08-14 22:04:19 Image size of job updated: 7849400
	7533  -  MemoryUsage of job (MB)
	7713120  -  ResidentSetSize of job (KB)
...
006 (29751.000.000) 2026-08-14 22:09:20 Image size of job updated: 7890152
	7706  -  MemoryUsage of job (MB)
	7889996  -  ResidentSetSize of job (KB)
...
006 (29751.000.000) 2026-08-14 22:14:20 Image size of job updated: 7930748
	7745  -  MemoryUsage of job (MB)
	7930592  -  ResidentSetSize of job (KB)
...
006 (29751.000.000) 2026-08-14 22:19:20 Image size of job updated: 7971348
	7745  -  MemoryUsage of job (MB)
	7930592  -  ResidentSetSize of job (KB)
...
006 (29751.000.000) 2026-08-14 22:24:20 Image size of job updated: 8012092
	7785  -  MemoryUsage of job (MB)
	7971192  -  ResidentSetSize of job (KB)
...
006 (29751.000.000) 2026-08-14 22:29:21 Image size of job updated: 8052836
	7825  -  MemoryUsage of job (MB)
	8012092  -  ResidentSetSize of job (KB)
...
006 (29751.000.000) 2026-08-14 22:34:22 Image size of job updated: 8107428
	7918  -  MemoryUsage of job (MB)
	8107428  -  ResidentSetSize of job (KB)
...
006 (29751.000.000) 2026-08-14 22:39:22 Image size of job updated: 8148328
	7958  -  MemoryUsage of job (MB)
	8148328  -  ResidentSetSize of job (KB)
...
006 (29751.000.000) 2026-08-14 22:44:23 Image size of job updated: 8189072
	7958  -  MemoryUsage of job (MB)
	8148328  -  ResidentSetSize of job (KB)
...
006 (29751.000.000) 2026-08-14 22:49:23 Image size of job updated: 8229816
	8037  -  MemoryUsage of job (MB)
	8229816  -  ResidentSetSize of job (KB)
...
006 (29751.000.000) 2026-08-14 22:54:23 Image size of job updated: 8272296
	8079  -  MemoryUsage of job (MB)
	8272296  -  ResidentSetSize of job (KB)
...
006 (29751.000.000) 2026-08-14 22:59:23 Image size of job updated: 8313040
	8079  -  MemoryUsage of job (MB)
	8272296  -  ResidentSetSize of job (KB)
...
006 (29751.000.000) 2026-08-14 23:04:23 Image size of job updated: 8353784
	8158  -  MemoryUsage of job (MB)
	8353628  -  ResidentSetSize of job (KB)
...
006 (29751.000.000) 2026-08-14 23:09:23 Image size of job updated: 8394372
	8158  -  MemoryUsage of job (MB)
	8353628  -  ResidentSetSize of job (KB)
...
006 (29751.000.000) 2026-08-14 23:14:24 Image size of job updated: 8430228
	8158  -  MemoryUsage of job (MB)
	8353628  -  ResidentSetSize of job (KB)
...
006 (29751.000.000) 2026-08-14 23:19:24 Image size of job updated: 8454376
	8158  -  MemoryUsage of job (MB)
	8353628  -  ResidentSetSize of job (KB)
...
006 (29751.000.000) 2026-08-14 23:24:25 Image size of job updated: 8478368
	8158  -  MemoryUsage of job (MB)
	8353628  -  ResidentSetSize of job (KB)
...
006 (29751.000.000) 2026-08-14 23:29:26 Image size of job updated: 8511144
	8158  -  MemoryUsage of job (MB)
	8353628  -  ResidentSetSize of job (KB)
...
006 (29751.000.000) 2026-08-14 23:34:27 Image size of job updated: 8535140
	8336  -  MemoryUsage of job (MB)
	8535140  -  ResidentSetSize of job (KB)
...
006 (29751.000.000) 2026-08-14 23:39:27 Image size of job updated: 8559288
	8359  -  MemoryUsage of job (MB)
	8559288  -  ResidentSetSize of job (KB)
...
006 (29751.000.000) 2026-08-14 23:44:27 Image size of job updated: 8588620
	8359  -  MemoryUsage of job (MB)
	8559288  -  ResidentSetSize of job (KB)
...
006 (29751.000.000) 2026-08-14 23:49:28 Image size of job updated: 8607116
	8359  -  MemoryUsage of job (MB)
	8559288  -  ResidentSetSize of job (KB)
...
006 (29751.000.000) 2026-08-14 23:54:29 Image size of job updated: 8633780
	8406  -  MemoryUsage of job (MB)
	8607272  -  ResidentSetSize of job (KB)
...
006 (29751.000.000) 2026-08-14 23:59:32 Image size of job updated: 8657460
	8406  -  MemoryUsage of job (MB)
	8607272  -  ResidentSetSize of job (KB)
...
006 (29751.000.000) 2026-08-15 00:04:30 Image size of job updated: 8681612
	8406  -  MemoryUsage of job (MB)
	8607272  -  ResidentSetSize of job (KB)
...
006 (29751.000.000) 2026-08-15 00:09:30 Image size of job updated: 8705608
	8478  -  MemoryUsage of job (MB)
	8681456  -  ResidentSetSize of job (KB)
...
006 (29751.000.000) 2026-08-15 00:14:30 Image size of job updated: 8729764
	8478  -  MemoryUsage of job (MB)
	8681456  -  ResidentSetSize of job (KB)
...
006 (29751.000.000) 2026-08-15 00:19:30 Image size of job updated: 8753760
	8478  -  MemoryUsage of job (MB)
	8681456  -  ResidentSetSize of job (KB)
...
006 (29751.000.000) 2026-08-15 00:24:31 Image size of job updated: 8777756
	8478  -  MemoryUsage of job (MB)
	8681456  -  ResidentSetSize of job (KB)
...
006 (29751.000.000) 2026-08-15 00:29:31 Image size of job updated: 8802060
	8478  -  MemoryUsage of job (MB)
	8681456  -  ResidentSetSize of job (KB)
...
006 (29751.000.000) 2026-08-15 00:34:32 Image size of job updated: 8834688
	8628  -  MemoryUsage of job (MB)
	8834528  -  ResidentSetSize of job (KB)
...
006 (29751.000.000) 2026-08-15 00:39:32 Image size of job updated: 8858840
	8652  -  MemoryUsage of job (MB)
	8858840  -  ResidentSetSize of job (KB)
...
006 (29751.000.000) 2026-08-15 00:44:32 Image size of job updated: 8882832
	8675  -  MemoryUsage of job (MB)
	8882832  -  ResidentSetSize of job (KB)
...
006 (29751.000.000) 2026-08-15 00:49:32 Image size of job updated: 8906980
	8699  -  MemoryUsage of job (MB)
	8906824  -  ResidentSetSize of job (KB)
...
006 (29751.000.000) 2026-08-15 00:54:33 Image size of job updated: 8930976
	8699  -  MemoryUsage of job (MB)
	8906824  -  ResidentSetSize of job (KB)
...
006 (29751.000.000) 2026-08-15 00:59:33 Image size of job updated: 8963920
	8699  -  MemoryUsage of job (MB)
	8906824  -  ResidentSetSize of job (KB)
...
006 (29751.000.000) 2026-08-15 01:04:35 Image size of job updated: 8981164
	8699  -  MemoryUsage of job (MB)
	8906824  -  ResidentSetSize of job (KB)
...
006 (29751.000.000) 2026-08-15 01:09:35 Image size of job updated: 9005312
	8795  -  MemoryUsage of job (MB)
	9005312  -  ResidentSetSize of job (KB)
...
006 (29751.000.000) 2026-08-15 01:14:36 Image size of job updated: 9029460
	8795  -  MemoryUsage of job (MB)
	9005312  -  ResidentSetSize of job (KB)
...
006 (29751.000.000) 2026-08-15 01:19:36 Image size of job updated: 9053452
	8795  -  MemoryUsage of job (MB)
	9005312  -  ResidentSetSize of job (KB)
...
006 (29751.000.000) 2026-08-15 01:24:36 Image size of job updated: 9077600
	8827  -  MemoryUsage of job (MB)
	9038628  -  ResidentSetSize of job (KB)
...
006 (29751.000.000) 2026-08-15 01:29:37 Image size of job updated: 9101436
	8889  -  MemoryUsage of job (MB)
	9101436  -  ResidentSetSize of job (KB)
...
006 (29751.000.000) 2026-08-15 01:34:37 Image size of job updated: 9125580
	8912  -  MemoryUsage of job (MB)
	9125580  -  ResidentSetSize of job (KB)
...
006 (29751.000.000) 2026-08-15 01:39:37 Image size of job updated: 9149728
	8936  -  MemoryUsage of job (MB)
	9149572  -  ResidentSetSize of job (KB)
...
006 (29751.000.000) 2026-08-15 01:44:38 Image size of job updated: 9175924
	8961  -  MemoryUsage of job (MB)
	9175612  -  ResidentSetSize of job (KB)
...
006 (29751.000.000) 2026-08-15 01:49:39 Image size of job updated: 9199916
	8985  -  MemoryUsage of job (MB)
	9199916  -  ResidentSetSize of job (KB)
...
006 (29751.000.000) 2026-08-15 01:54:38 Image size of job updated: 9223908
	8985  -  MemoryUsage of job (MB)
	9199916  -  ResidentSetSize of job (KB)
...
006 (29751.000.000) 2026-08-15 01:59:38 Image size of job updated: 9248052
	8985  -  MemoryUsage of job (MB)
	9199916  -  ResidentSetSize of job (KB)
...
006 (29751.000.000) 2026-08-15 02:04:39 Image size of job updated: 9272044
	9055  -  MemoryUsage of job (MB)
	9271888  -  ResidentSetSize of job (KB)
...
006 (29751.000.000) 2026-08-15 02:09:39 Image size of job updated: 9296348
	9055  -  MemoryUsage of job (MB)
	9271888  -  ResidentSetSize of job (KB)
...
006 (29751.000.000) 2026-08-15 02:14:40 Image size of job updated: 9320340
	9055  -  MemoryUsage of job (MB)
	9271888  -  ResidentSetSize of job (KB)
...
006 (29751.000.000) 2026-08-15 02:19:41 Image size of job updated: 9350476
	9132  -  MemoryUsage of job (MB)
	9350476  -  ResidentSetSize of job (KB)
...
006 (29751.000.000) 2026-08-15 02:24:41 Image size of job updated: 9368480
	9134  -  MemoryUsage of job (MB)
	9352960  -  ResidentSetSize of job (KB)
...
006 (29751.000.000) 2026-08-15 02:29:42 Image size of job updated: 9401096
	9134  -  MemoryUsage of job (MB)
	9352960  -  ResidentSetSize of job (KB)
...
006 (29751.000.000) 2026-08-15 02:34:42 Image size of job updated: 9425492
	9205  -  MemoryUsage of job (MB)
	9425244  -  ResidentSetSize of job (KB)
...
006 (29751.000.000) 2026-08-15 02:39:42 Image size of job updated: 9449236
	9205  -  MemoryUsage of job (MB)
	9425244  -  ResidentSetSize of job (KB)
...
006 (29751.000.000) 2026-08-15 02:44:42 Image size of job updated: 9473228
	9205  -  MemoryUsage of job (MB)
	9425244  -  ResidentSetSize of job (KB)
...
040 (29751.000.000) 2026-08-15 03:59:54 Started transferring output files
...
040 (29751.000.000) 2026-08-15 04:44:04 Finished transferring output files
...
005 (29751.000.000) 2026-08-15 04:44:04 Job terminated.
	(1) Normal termination (return value 0)
		Usr 0 15:13:04, Sys 0 00:22:32  -  Run Remote Usage
		Usr 0 00:00:00, Sys 0 00:00:00  -  Run Local Usage
		Usr 0 15:13:04, Sys 0 00:22:32  -  Total Remote Usage
		Usr 0 00:00:00, Sys 0 00:00:00  -  Total Local Usage
	84717087  -  Run Bytes Sent By Job
	5270924  -  Run Bytes Received By Job
	84717087  -  Total Bytes Sent By Job
	5270924  -  Total Bytes Received By Job
	Partitionable Resources :     Usage  Request Allocated 
	   Cpus                 :      0.00        1         1 
	   Disk (KB)            : 397808    20971520  20971520 
	   GPUs                 :                            0 
	   Memory (MB)          :   9205       10240     10240 
	   TimeExecute (s)      :  56195                       
	   TimeSlotBusy (s)     :  58847                       
...
