 Index  Var_name   Estimate L_bound  U_bound gradient
1 orth_recr_all_year        249.23233     -999     999    1.1506094e-05
2 orth_recr_all_year        -2.2687178     -999     999    -1.5136582e-05
3 orth_recr_all_year        -3.8499655     -999     999    -1.6138952e-05
4 orth_recr_all_year        -3.2678887     -999     999    5.2214392e-05
5 orth_recr_all_year        7.9696713     -999     999    3.5942963e-05
6 orth_recr_all_year        -3.6835524     -999     999    2.5332697e-06
7 orth_recr_all_year        -1.567097     -999     999    -4.4128123e-05
8 orth_recr_all_year        -2.1628023     -999     999    -4.3017462e-05
9 orth_recr_all_year        0.50058429     -999     999    3.0966676e-06
10 orth_recr_all_year        -4.4293635     -999     999    4.3033608e-06
11 orth_recr_all_year        5.3375765     -999     999    -1.6903294e-05
12 orth_recr_all_year        0.37203266     -999     999    -1.3346347e-05
13 orth_recr_all_year        1.3311189     -999     999    -1.540601e-06
14 orth_recr_all_year        0.67992677     -999     999    4.0997541e-06
15 orth_recr_all_year        -1.5091794     -999     999    -1.0969339e-05
16 orth_recr_all_year        0.29688285     -999     999    -2.2785041e-05
17 orth_recr_all_year        3.0183448     -999     999    2.8884474e-05
18 orth_recr_all_year        -2.8835817     -999     999    -2.8932879e-05
19 orth_recr_all_year        1.0511061     -999     999    -1.5493884e-05
20 orth_recr_all_year        1.4831666     -999     999    1.4655375e-05
21 orth_recr_all_year        -0.053975893     -999     999    -3.9002243e-05
22 orth_recr_all_year        -1.4508264     -999     999    -5.021351e-06
23 orth_recr_all_year        0.66734325     -999     999    -3.7367698e-05
24 orth_recr_all_year        0.25719591     -999     999    2.5857255e-05
25 orth_recr_all_year        1.6413887     -999     999    -3.8884904e-05
26 orth_recr_all_year        -2.2933732     -999     999    -1.7260503e-05
27 orth_recr_all_year        2.4710882     -999     999    6.3439093e-06
28 orth_recr_all_year        -1.5041644     -999     999    -1.0782796e-05
29 orth_recr_all_year        -1.5937906     -999     999    -1.2962797e-05
30 orth_recr_all_year        -0.21313742     -999     999    -1.8499698e-05
31 orth_recr_all_year        -2.4509226     -999     999    5.8579138e-06
32 orth_recr_all_year        -0.24511417     -999     999    -5.832991e-06
33 orth_recr_all_year        -0.079780645     -999     999    9.54737e-07
34 orth_recr_all_year        -0.27794501     -999     999    9.2853262e-07
35 orth_recr_all_year        -0.94585504     -999     999    -2.259561e-05
36 orth_recr_all_year        -0.19312779     -999     999    1.9269003e-05
37 orth_recr_all_year        -0.66899896     -999     999    -3.0883924e-06
38 orth_recr_all_year        0.27207331     -999     999    -2.0102283e-05
39 orth_recr_all_year        -0.98826527     -999     999    1.756283e-05
40 orth_recr_all_year        0.10032352     -999     999    1.9986793e-05
41 orth_recr_all_year        0.61634016     -999     999    -1.2109906e-05
42 orth_recr_all_year        -0.64563625     -999     999    2.6632126e-05
43 orth_recr_all_year        1.1763953     -999     999    -2.8369122e-05
44 orth_recr_all_year        -0.40032938     -999     999    -2.7575079e-05
45 orth_recr_all_year        0.13435741     -999     999    -4.7450437e-06
46 orth_recr_all_year        -0.33468596     -999     999    2.2397451e-05
47 orth_recr_all_year        -1.336274     -999     999    2.9895947e-05
48 orth_recr_all_year        1.3686534     -999     999    1.8517236e-05
49 orth_recr_all_year        -1.123145     -999     999    3.0030846e-05
50 orth_recr_all_year        -0.79360967     -999     999    -7.3028449e-06
51 orth_recr_all_year        1.087877     -999     999    5.4986431e-06
52 orth_recr_all_year        0.74391524     -999     999    -1.4480065e-05
53 orth_recr_all_year        -0.90384763     -999     999    -2.4409234e-05
54 orth_recr_all_year        1.3012041     -999     999    5.2121716e-07
55 orth_recr_all_year        0.75008315     -999     999    -1.6794852e-05
56 orth_recr_all_year        -0.7159258     -999     999    -2.2061405e-05
57 orth_recr_all_year        1.2189285     -999     999    1.5932747e-05
58 orth_recr_all_year        0.67791727     -999     999    -1.0431007e-05
59 orth_recr_all_year        0.11547306     -999     999    2.4945991e-05
60 orth_recr_all_year        -1.9953262     -999     999    -2.3711709e-05
61 orth_recr_all_year        -0.0031629586     -999     999    2.6738688e-05
62 orth_recr_all_year        0.84744792     -999     999    -4.8517986e-06
63 orth_recr_all_year        -1.3378278     -999     999    -1.4004823e-05
64 orth_recr_all_year        1.9670807     -999     999    4.6502609e-07
65 orth_recr_all_year        -0.66700876     -999     999    -2.5392494e-05
66 orth_recr_all_year        0.3299398     -999     999    2.3165829e-05
67 orth_recr_all_year        0.49956028     -999     999    1.7690502e-05
68 orth_recr_all_year        0.91671298     -999     999    1.6969041e-06
69 orth_recr_all_year        2.027057     -999     999    -2.2565233e-05
70 orth_recr_all_year        -1.5359338     -999     999    1.0522355e-05
71 orth_recr_all_year        1.7180988     -999     999    2.2847912e-05
72 orth_recr_all_year        -0.22742267     -999     999    -6.579546e-06
73 orth_recr_all_season        -6.1802165     -999     999    -1.2539778e-05
74 orth_recr_all_season        -3.5693566     -999     999    -1.3912692e-05
75 orth_recr_all_season        4.3727792     -999     999    -1.2271569e-05
76 orth_recr_all_region        -22.5385     -999     999    7.0594686e-06
77 orth_recr_all_region        4.6517766     -999     999    2.5490414e-07
78 orth_recr_all_region        -4.3438552     -999     999    -1.4766995e-05
79 orth_recr_all_region        6.3294086     -999     999    -1.9814517e-05
80 orth_recr_all_region        -1.3956662     -999     999    -1.1761027e-05
81 orth_recr_all_region        2.2824481     -999     999    7.527885e-06
82 orth_recr_all_region        -5.9162466     -999     999    9.6874507e-06
83 orth_recr_all_region        -2.7826908     -999     999    3.3562165e-05
84 orth_recr_all_region        1.5862621     -999     999    7.7292994e-06
85 orth_recr_all_region        -0.25985057     -999     999    1.6461781e-05
86 orth_recr_all_region        50.98914     -999     999    -1.9333894e-05
87 orth_recr_all_region        10.870323     -999     999    5.9759921e-06
88 orth_recr_all_region        -2.4967704     -999     999    -2.7736111e-06
89 orth_recr_all_region        2.6735248     -999     999    7.076806e-05
90 orth_recr_all_region        -0.080515304     -999     999    3.9365731e-05
91 orth_recr_all_region        -1.5317236     -999     999    -3.7057747e-05
92 orth_recr_all_region        2.4705135     -999     999    -3.0639831e-05
93 orth_recr_all_region        0.36469824     -999     999    -4.7516711e-05
94 orth_recr_all_region        2.0269838     -999     999    3.5541225e-06
95 orth_recr_all_region        -0.52293378     -999     999    1.7272856e-05
96 orth_recr_all_region        -21.081674     -999     999    -5.5063117e-06
97 orth_recr_all_region        -12.34191     -999     999    6.6340012e-06
98 orth_recr_all_region        3.3442456     -999     999    -4.229957e-06
99 orth_recr_all_region        0.37946437     -999     999    -7.0402472e-06
100 orth_recr_all_region        -10.532169     -999     999    -2.2576986e-05
101 orth_recr_all_region        9.1783644     -999     999    2.5665976e-05
102 orth_recr_all_region        10.851654     -999     999    -3.4195583e-06
103 orth_recr_all_region        -8.1673809     -999     999    1.2900265e-05
104 orth_recr_all_region        -6.0238558     -999     999    -2.6216106e-05
105 orth_recr_all_region        -4.7590987     -999     999    1.3918671e-05
106 orth_recr_all_region        5.5187261     -999     999    1.4747957e-05
107 orth_recr_all_region        5.4982425     -999     999    -9.7406997e-06
108 orth_recr_all_region        4.5486703     -999     999    -3.0946258e-06
109 orth_recr_all_region        9.6320955     -999     999    -9.7835498e-06
110 orth_recr_all_region        -6.2559912     -999     999    5.2592445e-06
111 orth_recr_all_region        -11.239839     -999     999    1.8630867e-05
112 orth_recr_all_region        2.8416733     -999     999    -6.1114397e-06
113 orth_recr_all_region        8.2030464     -999     999    -1.120034e-05
114 orth_recr_all_region        -4.6230243     -999     999    3.5767949e-06
115 orth_recr_all_region        -0.153732     -999     999    -1.2619384e-05
116 orth_recr_all_season_region        -12.028335     -999     999    -2.2603759e-05
117 orth_recr_all_season_region        3.6019559     -999     999    -4.564264e-06
118 orth_recr_all_season_region        10.679818     -999     999    2.6049903e-05
119 orth_recr_all_season_region        2.2921633     -999     999    2.2391726e-05
120 orth_recr_all_season_region        -0.81988841     -999     999    3.410709e-06
121 orth_recr_all_season_region        -2.8557378     -999     999    -1.1141947e-05
122 orth_recr_all_season_region        -2.8025507     -999     999    -6.0435524e-06
123 orth_recr_all_season_region        2.8614268     -999     999    -6.9046842e-06
124 orth_recr_all_season_region        -2.532876     -999     999    -6.7856685e-06
125 orth_recr_all_season_region        -5.1990133     -999     999    1.5657654e-06
126 orth_recr_all_season_region        -7.9386103     -999     999    -5.022072e-06
127 orth_recr_all_season_region        4.6012766     -999     999    -2.5087457e-05
128 orth_recr_all_season_region        7.9696383     -999     999    2.2785405e-06
129 orth_recr_all_season_region        -9.2136157     -999     999    6.7906355e-06
130 orth_recr_all_season_region        5.9278817     -999     999    1.2623825e-05
131 orth_recr_all_season_region        -3.1074187     -999     999    -1.6239405e-05
132 orth_recr_all_season_region        -3.696742     -999     999    -2.4872569e-05
133 orth_recr_all_season_region        5.7035456     -999     999    -1.6476178e-05
134 orth_recr_all_season_region        -4.0085379     -999     999    1.5868332e-05
135 orth_recr_all_season_region        -1.7369287     -999     999    4.1123748e-06
136 orth_recr_all_season_region        2.8578     -999     999    8.0063087e-07
137 orth_recr_all_season_region        3.013054     -999     999    -1.9832133e-05
138 orth_recr_all_season_region        5.4387693     -999     999    2.37869e-06
139 orth_recr_all_season_region        8.7392324     -999     999    -7.6201272e-06
140 orth_recr_all_season_region        9.5928469     -999     999    1.2386828e-05
141 orth_recr_all_season_region        -6.0667451     -999     999    -1.0754594e-05
142 orth_recr_all_season_region        -6.9910311     -999     999    1.6680429e-05
143 orth_recr_all_season_region        7.83193     -999     999    -1.3113798e-06
144 orth_recr_all_season_region        -3.1597509     -999     999    6.591525e-06
145 orth_recr_all_season_region        -12.12272     -999     999    9.4482678e-06
146 orth_recr_all_season_region        -2.2102093     -999     999    1.8100595e-06
147 orth_recr_all_season_region        1.6668242     -999     999    -5.1011291e-06
148 orth_recr_all_season_region        -0.15138944     -999     999    2.2051143e-06
149 orth_recr_all_season_region        6.0758306     -999     999    1.1462091e-05
150 orth_recr_all_season_region        -3.7886111     -999     999    -4.4574967e-07
151 orth_recr_all_season_region        9.5991626     -999     999    1.6877136e-05
152 orth_recr_all_season_region        -2.2943823     -999     999    1.5994274e-05
153 orth_recr_all_season_region        -8.7857334     -999     999    -1.0510361e-05
154 orth_recr_all_season_region        5.9269937     -999     999    9.3737167e-06
155 orth_recr_all_season_region        7.4429169     -999     999    -1.1440331e-05
156 orth_recr_all_season_region        -9.5677565     -999     999    -8.8517626e-06
157 orth_recr_all_season_region        -2.5728152     -999     999    1.5733655e-05
158 orth_recr_all_season_region        5.5030858     -999     999    -4.8659938e-07
159 orth_recr_all_season_region        0.96977669     -999     999    -1.2774689e-05
160 orth_recr_all_season_region        -0.11773537     -999     999    -9.4248675e-06
161 orth_recr_all_season_region        -0.48706494     -999     999    -1.8989703e-08
162 orth_recr_all_season_region        3.4762438     -999     999    1.2182903e-05
163 orth_recr_all_season_region        3.0847747     -999     999    -3.8889702e-06
164 orth_recr_all_season_region        -4.8355761     -999     999    1.7811937e-06
165 orth_recr_all_season_region        -0.046187055     -999     999    2.5249405e-06
166 orth_recr_all_season_region        -6.7350657     -999     999    -8.5169187e-06
167 orth_recr_all_season_region        9.3630115     -999     999    -3.0291306e-05
168 orth_recr_all_season_region        -1.6332512     -999     999    1.5198576e-05
169 orth_recr_all_season_region        -3.7233949     -999     999    -2.1155137e-06
170 orth_recr_all_season_region        4.6426835     -999     999    1.6497669e-05
171 orth_recr_all_season_region        -3.3262994     -999     999    -1.2502436e-05
172 orth_recr_all_season_region        1.928542     -999     999    -2.7609688e-05
173 orth_recr_all_season_region        0.64395326     -999     999    -8.205312e-06
174 orth_recr_all_season_region        -2.2040501     -999     999    7.5319416e-06
175 orth_recr_all_season_region        0.030288476     -999     999    7.8530785e-06
176 orth_recr_all_season_region        -3.0959446     -999     999    -2.528163e-06
177 orth_recr_all_season_region        -7.5150825     -999     999    1.472532e-05
178 orth_recr_all_season_region        -2.2743566     -999     999    -8.7958132e-06
179 orth_recr_all_season_region        9.7199576     -999     999    2.8545174e-06
180 orth_recr_all_season_region        0.42299894     -999     999    -1.3107293e-05
181 orth_recr_all_season_region        -7.7694782     -999     999    2.9045515e-06
182 orth_recr_all_season_region        1.7208791     -999     999    7.5262502e-06
183 orth_recr_all_season_region        4.6609991     -999     999    -1.6396303e-06
184 orth_recr_all_season_region        -1.1178375     -999     999    2.3108474e-05
185 orth_recr_all_season_region        4.2548736     -999     999    6.6891506e-06
186 orth_recr_all_season_region        -13.311425     -999     999    1.9033488e-06
187 orth_recr_all_season_region        -14.943358     -999     999    2.0494459e-05
188 orth_recr_all_season_region        -8.0392127     -999     999    -1.7956536e-05
189 orth_recr_all_season_region        -2.6068743     -999     999    -8.3270669e-06
190 orth_recr_all_season_region        11.814463     -999     999    -1.5167301e-05
191 orth_recr_all_season_region        1.2065659     -999     999    -3.9189143e-06
192 orth_recr_all_season_region        -6.0987887     -999     999    -7.945328e-06
193 orth_recr_all_season_region        -4.9552554     -999     999    1.9640253e-05
194 orth_recr_all_season_region        -1.0843035     -999     999    9.7046461e-06
195 orth_recr_all_season_region        7.7331587     -999     999    1.8527739e-05
196 orth_recr_all_season_region        -6.6354512     -999     999    2.0548071e-05
197 orth_recr_all_season_region        8.8871058     -999     999    -1.1888052e-05
198 orth_recr_all_season_region        -0.20846418     -999     999    8.5140748e-06
199 orth_recr_all_season_region        -6.3749816     -999     999    3.3434903e-06
200 orth_recr_all_season_region        3.6502934     -999     999    -4.5155104e-07
201 orth_recr_all_season_region        1.2768927     -999     999    -9.4412965e-06
202 orth_recr_all_season_region        -2.5779373     -999     999    5.2915374e-06
203 orth_recr_all_season_region        4.4596368     -999     999    1.1235442e-05
204 orth_recr_all_season_region        1.7524998     -999     999    -1.6305384e-05
205 orth_recr_all_season_region        -4.6853491     -999     999    -2.3604576e-06
206 orth_recr_all_season_region        2.2503099     -999     999    -3.9579711e-05
207 orth_recr_all_season_region        -2.9224167     -999     999    8.0118827e-06
208 orth_recr_all_season_region        6.9238993     -999     999    -1.9850247e-05
209 orth_recr_all_season_region        -6.8573233     -999     999    1.4854972e-06
210 orth_recr_all_season_region        3.1700683     -999     999    1.4624553e-05
211 orth_recr_all_season_region        3.1104974     -999     999    -2.1383254e-05
212 orth_recr_all_season_region        -4.9302957     -999     999    -9.6807755e-06
213 orth_recr_all_season_region        6.3281312     -999     999    -3.9408176e-05
214 orth_recr_all_season_region        -4.5270387     -999     999    2.0283815e-05
215 orth_recr_all_season_region        1.158413     -999     999    9.7787063e-06
216 orth_recr_all_season_region        -0.01842418     -999     999    4.9911673e-06
217 orth_recr_all_season_region        0.4861469     -999     999    1.2188371e-05
218 orth_recr_all_season_region        4.0206588     -999     999    -2.0791897e-05
219 orth_recr_all_season_region        -0.48368584     -999     999    3.4375857e-06
220 orth_recr_all_season_region        2.3821428     -999     999    -1.7996584e-05
221 orth_recr_all_season_region        -3.2202157     -999     999    -5.5618904e-06
222 orth_recr_all_season_region        4.277704     -999     999    -4.6917523e-06
223 orth_recr_all_season_region        3.2293094     -999     999    4.1823747e-06
224 orth_recr_all_season_region        -3.5876805     -999     999    -4.8835053e-06
225 orth_recr_all_season_region        4.9438801     -999     999    1.3935018e-06
226 orth_recr_all_season_region        -2.4636509     -999     999    -4.6171359e-06
227 orth_recr_all_season_region        -0.026818407     -999     999    2.7340555e-05
228 orth_recr_all_season_region        2.7581921     -999     999    3.76137e-06
229 orth_recr_all_season_region        -5.5788537     -999     999    -1.0412646e-05
230 orth_recr_all_season_region        0.31061125     -999     999    -4.7563858e-06
231 orth_recr_all_season_region        0.4340189     -999     999    -1.7290374e-05
232 orth_recr_all_season_region        2.2356772     -999     999    8.0614608e-06
233 orth_recr_all_season_region        3.9221737     -999     999    -1.3435216e-05
234 orth_recr_all_season_region        -0.3327268     -999     999    4.6342668e-06
235 orth_recr_all_season_region        -1.2956088     -999     999    1.370303e-05
236 diff_coffs(1,1)        0.033810375     0     4    1.6229796e-05
237 diff_coffs(1,2)        0.0085364838     0     4    2.0260266e-05
238 diff_coffs(1,3)        3.402767e-11     0     4    0.00011321167   *************
239 diff_coffs(1,4)        0.013675445     0     4    -9.7010226e-06
240 diff_coffs(1,5)        0.080444663     0     4    5.621878e-08
241 diff_coffs(1,6)        0.050723805     0     4    -9.0748538e-06
242 diff_coffs(1,7)        0.17403143     0     4    2.0089572e-06
243 diff_coffs(1,8)        0.84526453     0     4    1.9849855e-05
244 diff_coffs(1,9)        0.001674102     0     4    -1.9448708e-05
245 diff_coffs(1,10)        0.0015101527     0     4    -1.5536908e-07
246 diff_coffs(1,11)        1.74102e-09     0     4    4.0014346e-08   *************
247 diff_coffs(1,12)        0.16137275     0     4    1.4698849e-05
248 diff_coffs(1,13)        0.50486693     0     4    3.378145e-05
249 diff_coffs(1,14)        1.3605026e-08     0     4    2.3428359e-10   *************
250 diff_coffs(2,1)        1.5385639e-09     0     4    -6.0659591e-06   *************
251 diff_coffs(2,2)        0.081487032     0     4    2.1576952e-05
252 diff_coffs(2,3)        3.2364045e-10     0     4    -7.4242375e-05   *************
253 diff_coffs(2,4)        2.2592017e-10     0     4    -0.00011955056   *************
254 diff_coffs(2,5)        1.2698347e-09     0     4    3.3184722e-06   *************
255 diff_coffs(2,6)        2.7116114e-09     0     4    -1.3023247e-07   *************
256 diff_coffs(2,7)        0.24027061     0     4    -5.7755453e-06
257 diff_coffs(2,8)        0.012227104     0     4    -1.5011103e-05
258 diff_coffs(2,9)        1.9722557e-10     0     4    1.5470617e-05   *************
259 diff_coffs(2,10)        7.4158324e-10     0     4    -5.7424103e-06   *************
260 diff_coffs(2,11)        0.12830274     0     4    4.9726977e-05
261 diff_coffs(2,12)        0.015783143     0     4    -7.7713241e-06
262 diff_coffs(2,13)        1.3837673e-09     0     4    -6.8084078e-05   *************
263 diff_coffs(2,14)        1.7393895e-09     0     4    -2.3617145e-08   *************
264 diff_coffs(3,1)        7.6676843e-10     0     4    -1.0572785e-05   *************
265 diff_coffs(3,2)        1.6130413e-09     0     4    6.6086049e-08   *************
266 diff_coffs(3,3)        5.9769389e-10     0     4    -6.4968026e-05   *************
267 diff_coffs(3,4)        8.2767571e-11     0     4    2.4836216e-05   *************
268 diff_coffs(3,5)        0.3001429     0     4    -2.3793352e-05
269 diff_coffs(3,6)        0.11137878     0     4    -3.5799281e-06
270 diff_coffs(3,7)        2.3550457e-08     0     4    5.9593601e-08   *************
271 diff_coffs(3,8)        4.6350375e-09     0     4    9.322244e-08   *************
272 diff_coffs(3,9)        0.001813055     0     4    7.5269048e-06
273 diff_coffs(3,10)        1.3043275e-09     0     4    3.3774009e-07   *************
274 diff_coffs(3,11)        0.0039071542     0     4    2.4376871e-05
275 diff_coffs(3,12)        2.5871125e-09     0     4    -8.2341808e-08   *************
276 diff_coffs(3,13)        6.5012551e-10     0     4    2.3129509e-05   *************
277 diff_coffs(3,14)        0.067432119     0     4    -4.8792949e-06
278 diff_coffs(4,1)        0.029109303     0     4    9.5045783e-06
279 diff_coffs(4,2)        0.0037033119     0     4    7.5325374e-06
280 diff_coffs(4,3)        8.0326634e-10     0     4    8.4079487e-05   *************
281 diff_coffs(4,4)        1.1802825e-10     0     4    -2.393998e-05   *************
282 diff_coffs(4,5)        1.4314513e-08     0     4    2.1856585e-07   *************
283 diff_coffs(4,6)        8.6278842e-09     0     4    1.8964404e-06   *************
284 diff_coffs(4,7)        0.18109313     0     4    -1.0418244e-05
285 diff_coffs(4,8)        2.3928729     0     4    1.5041774e-05
286 diff_coffs(4,9)        0.077009676     0     4    -9.7679516e-05
287 diff_coffs(4,10)        0.05330052     0     4    -1.5782023e-05
288 diff_coffs(4,11)        3.0818059e-10     0     4    4.7586775e-06   *************
289 diff_coffs(4,12)        3.354006e-11     0     4    0.00012284899   *************
290 diff_coffs(4,13)        2.0165424     0     4    -1.1206618e-05
291 diff_coffs(4,14)        2.9601956e-08     0     4    7.0906119e-08   *************
292 bs_selcoff_gp:1(1,1,1,1)        -4.6891491     -20     7    -7.469922e-06
293 bs_selcoff_gp:1(1,1,1,2)        -2.170874     -20     7    7.6390076e-05
294 bs_selcoff_gp:1(1,1,1,3)        0.91262311     -20     7    -7.4842524e-05
295 bs_selcoff_gp:1(1,1,1,4)        0.32632525     -20     7    -0.00011253176
296 bs_selcoff_gp:2(2,1,1,1)        -3.7552452     -20     7    -1.198923e-05
297 bs_selcoff_gp:2(2,1,1,2)        -1.6970808     -20     7    3.0654736e-06
298 bs_selcoff_gp:2(2,1,1,3)        0.20962951     -20     7    2.4224151e-05
299 bs_selcoff_gp:2(2,1,1,4)        0.9400726     -20     7    -1.0055669e-05
300 bs_selcoff_gp:3(3,1,1,1)        -7.4699963     -20     7    -7.9044647e-06
301 bs_selcoff_gp:3(3,1,1,2)        -1.2398023     -20     7    4.5261927e-05
302 bs_selcoff_gp:3(3,1,1,3)        0.012551662     -20     7    0.0001028286
303 bs_selcoff_gp:3(3,1,1,4)        0.99227757     -20     7    -1.6945953e-05
304 bs_selcoff_gp:4(4,1,1,1)        -8.0293668     -20     7    2.3728948e-06
305 bs_selcoff_gp:4(4,1,1,2)        -2.7327314     -20     7    -3.7298433e-05
306 bs_selcoff_gp:4(4,1,1,3)        0.74851053     -20     7    -8.8693561e-05
307 bs_selcoff_gp:4(4,1,1,4)        0.59926523     -20     7    9.1064981e-05
308 bs_selcoff_gp:5(5,1,1,1)        -7.284621     -20     7    -2.8073099e-05
309 bs_selcoff_gp:5(5,1,1,2)        -3.9060231     -20     7    2.3018274e-07
310 bs_selcoff_gp:5(5,1,1,3)        -2.7998833     -20     7    -2.8639375e-05
311 bs_selcoff_gp:5(5,1,1,4)        1.3656685     -20     7    -0.00025312919
312 bs_selcoff_gp:6(6,1,1,1)        -4.3996638     -20     7    -3.6725045e-06
313 bs_selcoff_gp:6(6,1,1,2)        -5.3691466     -20     7    9.2518917e-06
314 bs_selcoff_gp:6(6,1,1,3)        1.0220029     -20     7    0.00016573193
315 bs_selcoff_gp:6(6,1,1,4)        0.18591872     -20     7    -5.2217007e-06
316 bs_selcoff_gp:7(7,1,1,1)        -11.20599     -20     7    8.2763766e-06
317 bs_selcoff_gp:7(7,1,1,2)        -4.8034185     -20     7    -3.0340305e-05
318 bs_selcoff_gp:7(7,1,1,3)        1.0809906     -20     7    -1.7930276e-05
319 bs_selcoff_gp:7(7,1,1,4)        0.04325001     -20     7    0.00015101202
320 bs_selcoff_gp:8(8,1,1,1)        -3.2758118     -20     7    4.2499107e-06
321 bs_selcoff_gp:8(8,1,1,2)        -2.6221628     -20     7    -1.5127324e-05
322 bs_selcoff_gp:8(8,1,1,3)        0.44060412     -20     7    -9.9148977e-05
323 bs_selcoff_gp:8(8,1,1,4)        0.84840449     -20     7    5.4848012e-05
324 bs_selcoff_gp:9(9,1,1,1)        -4.1885797     -20     7    1.1143119e-05
325 bs_selcoff_gp:9(9,1,1,2)        -6.9013156     -20     7    -8.8343852e-06
326 bs_selcoff_gp:9(9,1,1,3)        0.56902232     -20     7    -5.1072164e-05
327 bs_selcoff_gp:9(9,1,1,4)        0.79628255     -20     7    1.5375566e-05
328 bs_selcoff_gp:10(10,1,1,1)        -2.6062164     -20     7    7.4437082e-06
329 bs_selcoff_gp:10(10,1,1,2)        -0.92594992     -20     7    -1.3852765e-06
330 bs_selcoff_gp:10(10,1,1,3)        0.70618432     -20     7    -1.1465601e-05
331 bs_selcoff_gp:10(10,1,1,4)        0.40798653     -20     7    7.2518024e-06
332 bs_selcoff_gp:11(11,1,1,1)        -7.3712091     -20     7    2.7862156e-05
333 bs_selcoff_gp:11(11,1,1,2)        -3.8700725     -20     7    -2.5612139e-06
334 bs_selcoff_gp:11(11,1,1,3)        -0.62531011     -20     7    -0.00010129058
335 bs_selcoff_gp:11(11,1,1,4)        1.2364639     -20     7    4.5088965e-05
336 bs_selcoff_gp:12(12,1,1,1)        -0.35358891     -20     7    4.975261e-05
337 bs_selcoff_gp:12(12,1,1,2)        -0.75202638     -20     7    2.5211548e-05
338 bs_selcoff_gp:12(12,1,1,3)        0.22097141     -20     7    9.0027923e-05
339 bs_selcoff_gp:12(12,1,1,4)        0.4352681     -20     7    9.8095857e-05
340 bs_selcoff_gp:12(12,1,1,5)        0.033244768     -20     7    5.1419818e-05
341 bs_selcoff_gp:13(13,1,1,1)        0.15088409     -20     7    2.3245042e-05
342 bs_selcoff_gp:13(13,1,1,2)        0.79443204     -20     7    8.7728399e-05
343 bs_selcoff_gp:13(13,1,1,3)        0.29498124     -20     7    2.4722993e-05
344 bs_selcoff_gp:13(13,1,1,4)        -1.2774664     -20     7    -9.1608952e-06
345 bs_selcoff_gp:13(13,1,1,5)        -6.1521654     -20     7    4.3589776e-06
346 bs_selcoff_gp:14(14,1,1,1)        -18.613953     -20     7    -9.2012487e-07
347 bs_selcoff_gp:14(14,1,1,2)        -14.749826     -20     7    4.9681131e-07
348 bs_selcoff_gp:14(14,1,1,3)        -1.2386823     -20     7    -1.908902e-06
349 bs_selcoff_gp:14(14,1,1,4)        1.3110953     -20     7    1.551327e-05
350 bs_selcoff_gp:15(15,1,1,1)        -19.999999     -20     7    5.6723631e-06   *************
351 bs_selcoff_gp:15(15,1,1,2)        -2.9390449     -20     7    0.00010973881
352 bs_selcoff_gp:15(15,1,1,3)        -3.0644078     -20     7    4.9861694e-05
353 bs_selcoff_gp:15(15,1,1,4)        1.3614864     -20     7    1.678623e-06
354 bs_selcoff_gp:16(16,1,1,1)        -3.2040293     -20     7    -2.5003366e-05
355 bs_selcoff_gp:16(16,1,1,2)        1.3729642     -20     7    1.884995e-05
356 bs_selcoff_gp:16(16,1,1,3)        -4.915463     -20     7    -1.0975977e-05
357 bs_selcoff_gp:16(16,1,1,4)        -5.292535     -20     7    -6.4449197e-05
358 bs_selcoff_gp:17(17,1,1,1)        -5.598936     -20     7    -6.4486478e-06
359 bs_selcoff_gp:17(17,1,1,2)        1.3858405     -20     7    7.1758614e-05
360 bs_selcoff_gp:17(17,1,1,3)        -20     -20     7    3.0915231e-09   *************
361 bs_selcoff_gp:17(17,1,1,4)        -7.9272278     -20     7    -3.07397e-07
362 bs_selcoff_gp:18(18,1,1,1)        -3.3585982     -20     7    1.8485143e-05
363 bs_selcoff_gp:18(18,1,1,2)        1.3784158     -20     7    9.5385174e-07
364 bs_selcoff_gp:18(18,1,1,3)        -20     -20     7    2.6995767e-09   *************
365 bs_selcoff_gp:18(18,1,1,4)        -7.3257581     -20     7    -4.6397016e-06
366 bs_selcoff_gp:19(19,1,1,1)        -0.18592471     -20     7    -1.292438e-05
367 bs_selcoff_gp:19(19,1,1,2)        0.96522709     -20     7    4.5984862e-06
368 bs_selcoff_gp:19(19,1,1,3)        -0.92839196     -20     7    -1.2266331e-05
369 bs_selcoff_gp:19(19,1,1,4)        -1.9031991     -20     7    1.0834466e-05
370 bs_selcoff_gp:20(20,1,1,1)        -2.1184823     -20     7    -1.7668837e-05
371 bs_selcoff_gp:20(20,1,1,2)        0.61622812     -20     7    -7.9644658e-06
372 bs_selcoff_gp:20(20,1,1,3)        0.18274811     -20     7    5.8011853e-06
373 bs_selcoff_gp:20(20,1,1,4)        -0.18953282     -20     7    3.9083411e-05
374 bs_selcoff_gp:21(21,1,1,1)        1.0409697     -20     7    0.00010347343
375 bs_selcoff_gp:21(21,1,1,2)        0.0053518111     -20     7    -3.8733655e-05
376 bs_selcoff_gp:21(21,1,1,3)        -1.851596     -20     7    -1.5885462e-05
377 bs_selcoff_gp:21(21,1,1,4)        -5.1687145     -20     7    1.744736e-06
378 bs_selcoff_gp:22(22,1,1,1)        -3.3121786     -20     7    6.0717083e-05
379 bs_selcoff_gp:22(22,1,1,2)        1.3765774     -20     7    4.5563694e-05
380 bs_selcoff_gp:22(22,1,1,3)        -20     -20     7    3.3608923e-07   *************
381 bs_selcoff_gp:22(22,1,1,4)        -4.8295345     -20     7    2.8476011e-05
382 bs_selcoff_gp:23(23,1,1,1)        -6.434034     -20     7    1.4505219e-06
383 bs_selcoff_gp:23(23,1,1,2)        1.3860022     -20     7    -2.0070756e-06
384 bs_selcoff_gp:23(23,1,1,3)        -19.999999     -20     7    1.3547252e-06   *************
385 bs_selcoff_gp:23(23,1,1,4)        -9.4573633     -20     7    4.5273996e-07
386 bs_selcoff_gp:24(24,1,1,1)        -0.57078228     -20     7    -2.245172e-05
387 bs_selcoff_gp:24(24,1,1,2)        1.2114127     -20     7    -7.217658e-05
388 bs_selcoff_gp:24(24,1,1,3)        -2.6680316     -20     7    -2.4365665e-06
389 bs_selcoff_gp:24(24,1,1,4)        -4.9211853     -20     7    -1.3968399e-05
390 bs_selcoff_gp:25(25,1,1,1)        0.62326398     -20     7    5.3071157e-05
391 bs_selcoff_gp:25(25,1,1,2)        0.55259784     -20     7    8.6035292e-05
392 bs_selcoff_gp:25(25,1,1,3)        -1.1712766     -20     7    7.6690686e-05
393 bs_selcoff_gp:25(25,1,1,4)        -2.4386145     -20     7    -3.5849134e-05
394 bs_selcoff_gp:26(26,1,1,1)        -0.29960213     -20     7    4.1005789e-06
395 bs_selcoff_gp:26(26,1,1,2)        0.81100432     -20     7    3.2472727e-05
396 bs_selcoff_gp:26(26,1,1,3)        -0.21057329     -20     7    -1.7306713e-05
397 bs_selcoff_gp:26(26,1,1,4)        -1.6164633     -20     7    -2.9072352e-05
398 bs_selcoff_gp:27(27,1,1,1)        0.28124416     -20     7    1.7613685e-05
399 bs_selcoff_gp:27(27,1,1,2)        0.98351539     -20     7    4.6083099e-05
400 bs_selcoff_gp:27(27,1,1,3)        -6.8641386     -20     7    3.6924197e-05
401 bs_selcoff_gp:27(27,1,1,4)        -7.9606495     -20     7    -8.2039342e-06
402 bs_selcoff_gp:28(28,1,1,1)        -0.16816868     -20     7    -3.4156136e-05
403 bs_selcoff_gp:28(28,1,1,2)        0.83045417     -20     7    -4.3065123e-06
404 bs_selcoff_gp:28(28,1,1,3)        -0.63708826     -20     7    -2.2884554e-05
405 bs_selcoff_gp:28(28,1,1,4)        -1.1038566     -20     7    -1.8283521e-05
406 bs_selcoff_gp:29(29,1,1,1)        -2.2724643     -20     7    -4.3466738e-06
407 bs_selcoff_gp:29(29,1,1,2)        -0.9001742     -20     7    -5.9231872e-06
408 bs_selcoff_gp:29(29,1,1,3)        -0.012110217     -20     7    1.2403855e-05
409 bs_selcoff_gp:29(29,1,1,4)        0.91728206     -20     7    -1.0371875e-05
410 bs_selcoff_gp:30(30,1,1,1)        -1.2474129     -20     7    -1.2292126e-05
411 bs_selcoff_gp:30(30,1,1,2)        0.16117041     -20     7    -2.5626186e-05
412 bs_selcoff_gp:30(30,1,1,3)        0.47282066     -20     7    7.0583579e-05
413 bs_selcoff_gp:30(30,1,1,4)        -0.068961126     -20     7    4.6287072e-05
414 bs_selcoff_gp:31(31,1,1,1)        -6.6189126     -20     7    2.7571868e-05
415 bs_selcoff_gp:31(31,1,1,2)        -0.64366005     -20     7    -2.8834319e-05
416 bs_selcoff_gp:31(31,1,1,3)        0.16705988     -20     7    -2.9397133e-05
417 bs_selcoff_gp:31(31,1,1,4)        0.8291918     -20     7    -3.9395701e-05
418 bs_selcoff_gp:32(32,1,1,1)        -0.81584964     -20     7    -1.332524e-05
419 bs_selcoff_gp:32(32,1,1,2)        -0.29844545     -20     7    5.1892228e-05
420 bs_selcoff_gp:32(32,1,1,3)        0.97066759     -20     7    -3.7025283e-05
421 bs_selcoff_gp:32(32,1,1,4)        -1.7369429     -20     7    -1.822565e-05
422 bs_selcoff_gp:33(33,1,1,1)        -3.5260232     -20     7    2.4303436e-06
423 bs_selcoff_gp:33(33,1,1,2)        -0.70419284     -20     7    -1.8121676e-05
424 bs_selcoff_gp:33(33,1,1,3)        0.93889698     -20     7    -1.7881058e-06
425 bs_selcoff_gp:33(33,1,1,4)        -0.084562602     -20     7    4.2002112e-05
426 bs_selcoff_gp:34(34,1,1,1)        -1.3258218     -20     7    9.8362066e-06
427 bs_selcoff_gp:34(34,1,1,2)        -0.65425074     -20     7    4.3876589e-05
428 bs_selcoff_gp:34(34,1,1,3)        0.78612003     -20     7    6.6086514e-05
429 bs_selcoff_gp:34(34,1,1,4)        0.019529963     -20     7    -0.00010388707
430 tag_fish_rep(1)        0.5487818     0.001     0.99    8.4146872e-05
431 tag_fish_rep(5)        0.98999994     0.001     0.99    -6.8356651e-06   *************
432 tag_fish_rep(6)        0.98999998     0.001     0.99    -3.121934e-06   *************
433 tag_fish_rep(8)        0.98999999     0.001     0.99    -2.1189523e-09   *************
434 tag_fish_rep(9)        0.98999999     0.001     0.99    -4.5079701e-08   *************
435 tag_fish_rep(10)        0.92797403     0.001     0.99    -1.735764e-05
436 tag_fish_rep(11)        0.99     0.001     0.99    3.8879234e-10   *************
437 tag_fish_rep(12)        0.38618912     0.001     0.99    6.3319858e-07
438 tag_fish_rep(13)        0.99     0.001     0.99    3.3285838e-09   *************
439 tag_fish_rep(14)        0.98999996     0.001     0.99    4.1384825e-09   *************
440 tag_fish_rep(16)        0.98999999     0.001     0.99    -9.9191001e-11   *************
441 tag_fish_rep(17)        0.99     0.001     0.99    -1.2604263e-05   *************
442 tag_fish_rep(18)        0.99     0.001     0.99    5.5587111e-06   *************
443 tag_fish_rep(19)        0.98999999     0.001     0.99    6.2366115e-06   *************
444 tag_fish_rep(20)        0.99     0.001     0.99    1.5923467e-06   *************
445 tag_fish_rep(24)        0.99     0.001     0.99    -4.9792684e-09   *************
446 tag_fish_rep(25)        0.98999999     0.001     0.99    5.6779299e-10   *************
447 tag_fish_rep(26)        0.98999999     0.001     0.99    1.7358244e-11   *************
448 tag_fish_rep(31)        0.11897547     0.001     0.99    7.1569945e-07
449 sv(21)        0.028921075     1e-06     1000    1.1953235e-05
450 vb_coff(1)        11.885661     5     40    0.00073910103
451 vb_coff(2)        134.84824     120     200    0.00085513678
452 vb_coff(3)        0.16785278     0     0.3    0.002332414
453 var_coff(1)        8.5278944     3     15    7.0050744e-05
454 var_coff(2)        0.28522728     -1     1    -6.5106539e-06
